{
  "validateEmail": "array",
  "validatePassword": "array",
  "validateCreateElection": "array",
  "validateVote": "array"
}